This is a test file created by command execution 
